// Jest Snapshot v1, https://goo.gl/fbAQLP

exports[`The EireneV2 stack matches the snapshot 1`] = `
{
  "Metadata": {
    "gu:cdk:constructs": [
      "GuDistributionBucketParameter",
      "GuLambdaFunction",
    ],
    "gu:cdk:version": "TEST",
  },
  "Parameters": {
    "DistributionBucketName": {
      "Default": "/account/services/artifact.bucket",
      "Description": "SSM parameter containing the S3 bucket name holding distribution artifacts",
      "Type": "AWS::SSM::Parameter::Value<String>",
    },
  },
  "Resources": {
    "EireneV2Bucket9AE58493": {
      "DeletionPolicy": "Retain",
      "Properties": {
        "BucketName": "gu-eirene-v2-test",
        "Tags": [
          {
            "Key": "gu:cdk:version",
            "Value": "TEST",
          },
          {
            "Key": "gu:repo",
            "Value": "guardian/eirene-v2",
          },
          {
            "Key": "Stack",
            "Value": "discussion",
          },
          {
            "Key": "Stage",
            "Value": "TEST",
          },
        ],
      },
      "Type": "AWS::S3::Bucket",
      "UpdateReplacePolicy": "Retain",
    },
    "EireneV2DataAccessRoleDE2494B8": {
      "Properties": {
        "AssumeRolePolicyDocument": {
          "Statement": [
            {
              "Action": "sts:AssumeRole",
              "Effect": "Allow",
              "Principal": {
                "Service": "comprehend.amazonaws.com",
              },
            },
          ],
          "Version": "2012-10-17",
        },
        "RoleName": "EireneV2DataAccessRole-TEST",
        "Tags": [
          {
            "Key": "gu:cdk:version",
            "Value": "TEST",
          },
          {
            "Key": "gu:repo",
            "Value": "guardian/eirene-v2",
          },
          {
            "Key": "Stack",
            "Value": "discussion",
          },
          {
            "Key": "Stage",
            "Value": "TEST",
          },
        ],
      },
      "Type": "AWS::IAM::Role",
    },
    "EireneV2DataAccessRoleDefaultPolicy82C303D3": {
      "Properties": {
        "PolicyDocument": {
          "Statement": [
            {
              "Action": [
                "s3:GetObject*",
                "s3:GetBucket*",
                "s3:List*",
              ],
              "Effect": "Allow",
              "Resource": [
                {
                  "Fn::GetAtt": [
                    "EireneV2Bucket9AE58493",
                    "Arn",
                  ],
                },
                {
                  "Fn::Join": [
                    "",
                    [
                      {
                        "Fn::GetAtt": [
                          "EireneV2Bucket9AE58493",
                          "Arn",
                        ],
                      },
                      "/*",
                    ],
                  ],
                },
              ],
            },
          ],
          "Version": "2012-10-17",
        },
        "PolicyName": "EireneV2DataAccessRoleDefaultPolicy82C303D3",
        "Roles": [
          {
            "Ref": "EireneV2DataAccessRoleDE2494B8",
          },
        ],
      },
      "Type": "AWS::IAM::Policy",
    },
    "EireneV2LambdaD1C37DBB": {
      "DependsOn": [
        "EireneV2LambdaServiceRoleDefaultPolicy4DE56E1D",
        "EireneV2LambdaServiceRole3072E51E",
      ],
      "Properties": {
        "Code": {
          "S3Bucket": {
            "Ref": "DistributionBucketName",
          },
          "S3Key": "discussion/TEST/eirene-v2/eirene-v2.zip",
        },
        "Environment": {
          "Variables": {
            "APP": "eirene-v2",
            "S3_BUCKET": {
              "Ref": "EireneV2Bucket9AE58493",
            },
            "STACK": "discussion",
            "STAGE": "TEST",
          },
        },
        "FunctionName": "update-training-input-TEST",
        "Handler": "index.handler",
        "LoggingConfig": {
          "LogFormat": "JSON",
        },
        "MemorySize": 512,
        "Role": {
          "Fn::GetAtt": [
            "EireneV2LambdaServiceRole3072E51E",
            "Arn",
          ],
        },
        "Runtime": "nodejs22.x",
        "Tags": [
          {
            "Key": "App",
            "Value": "eirene-v2",
          },
          {
            "Key": "gu:cdk:version",
            "Value": "TEST",
          },
          {
            "Key": "gu:repo",
            "Value": "guardian/eirene-v2",
          },
          {
            "Key": "Stack",
            "Value": "discussion",
          },
          {
            "Key": "Stage",
            "Value": "TEST",
          },
        ],
        "Timeout": 30,
      },
      "Type": "AWS::Lambda::Function",
    },
    "EireneV2LambdaServiceRole3072E51E": {
      "Properties": {
        "AssumeRolePolicyDocument": {
          "Statement": [
            {
              "Action": "sts:AssumeRole",
              "Effect": "Allow",
              "Principal": {
                "Service": "lambda.amazonaws.com",
              },
            },
          ],
          "Version": "2012-10-17",
        },
        "ManagedPolicyArns": [
          {
            "Fn::Join": [
              "",
              [
                "arn:",
                {
                  "Ref": "AWS::Partition",
                },
                ":iam::aws:policy/service-role/AWSLambdaBasicExecutionRole",
              ],
            ],
          },
        ],
        "Tags": [
          {
            "Key": "App",
            "Value": "eirene-v2",
          },
          {
            "Key": "gu:cdk:version",
            "Value": "TEST",
          },
          {
            "Key": "gu:repo",
            "Value": "guardian/eirene-v2",
          },
          {
            "Key": "Stack",
            "Value": "discussion",
          },
          {
            "Key": "Stage",
            "Value": "TEST",
          },
        ],
      },
      "Type": "AWS::IAM::Role",
    },
    "EireneV2LambdaServiceRoleDefaultPolicy4DE56E1D": {
      "Properties": {
        "PolicyDocument": {
          "Statement": [
            {
              "Action": [
                "s3:GetObject*",
                "s3:GetBucket*",
                "s3:List*",
              ],
              "Effect": "Allow",
              "Resource": [
                {
                  "Fn::Join": [
                    "",
                    [
                      "arn:",
                      {
                        "Ref": "AWS::Partition",
                      },
                      ":s3:::",
                      {
                        "Ref": "DistributionBucketName",
                      },
                    ],
                  ],
                },
                {
                  "Fn::Join": [
                    "",
                    [
                      "arn:",
                      {
                        "Ref": "AWS::Partition",
                      },
                      ":s3:::",
                      {
                        "Ref": "DistributionBucketName",
                      },
                      "/discussion/TEST/eirene-v2/eirene-v2.zip",
                    ],
                  ],
                },
              ],
            },
            {
              "Action": "ssm:GetParametersByPath",
              "Effect": "Allow",
              "Resource": {
                "Fn::Join": [
                  "",
                  [
                    "arn:aws:ssm:",
                    {
                      "Ref": "AWS::Region",
                    },
                    ":",
                    {
                      "Ref": "AWS::AccountId",
                    },
                    ":parameter/TEST/discussion/eirene-v2",
                  ],
                ],
              },
            },
            {
              "Action": [
                "ssm:GetParameters",
                "ssm:GetParameter",
              ],
              "Effect": "Allow",
              "Resource": {
                "Fn::Join": [
                  "",
                  [
                    "arn:aws:ssm:",
                    {
                      "Ref": "AWS::Region",
                    },
                    ":",
                    {
                      "Ref": "AWS::AccountId",
                    },
                    ":parameter/TEST/discussion/eirene-v2/*",
                  ],
                ],
              },
            },
            {
              "Action": [
                "s3:GetObject*",
                "s3:GetBucket*",
                "s3:List*",
                "s3:DeleteObject*",
                "s3:PutObject",
                "s3:PutObjectLegalHold",
                "s3:PutObjectRetention",
                "s3:PutObjectTagging",
                "s3:PutObjectVersionTagging",
                "s3:Abort*",
              ],
              "Effect": "Allow",
              "Resource": [
                {
                  "Fn::GetAtt": [
                    "EireneV2Bucket9AE58493",
                    "Arn",
                  ],
                },
                {
                  "Fn::Join": [
                    "",
                    [
                      {
                        "Fn::GetAtt": [
                          "EireneV2Bucket9AE58493",
                          "Arn",
                        ],
                      },
                      "/*",
                    ],
                  ],
                },
              ],
            },
          ],
          "Version": "2012-10-17",
        },
        "PolicyName": "EireneV2LambdaServiceRoleDefaultPolicy4DE56E1D",
        "Roles": [
          {
            "Ref": "EireneV2LambdaServiceRole3072E51E",
          },
        ],
      },
      "Type": "AWS::IAM::Policy",
    },
  },
}
`;
